../Core/Inc/nco_lut.h:28:20:NCO_LUT_Step	32	static
../Core/Src/lia_core.c:18:7:phase_cali	32	static
../Core/Src/lia_core.c:72:7:amp_cali	32	static
../Core/Src/lia_core.c:110:7:amp_fine_tune	24	static
../Core/Src/lia_core.c:126:7:phase_fine_tune	24	static
../Core/Src/lia_core.c:142:7:LIA_ComputeResponse	24	static
../Core/Src/lia_core.c:152:13:LIA_UpdateAlpha	16	static
../Core/Src/lia_core.c:161:13:LIA_ProcessBlock	56	static
../Core/Src/lia_core.c:196:6:LIA_SystemInit	8	static
../Core/Src/lia_core.c:235:6:LIA_Task	48	static
